// Jest Snapshot v1, https://goo.gl/fbAQLP

exports[`AppHeader.render Should be render correctly 1`] = `"<header class=\\"header\\"><input class=\\"input-field\\"></header>"`;
