// Jest Snapshot v1, https://goo.gl/fbAQLP

exports[`App.start Should render content correctly 1`] = `""`;
